[kamarajiasacademy.com/index.html]
[kamarajiasacademy.com/images/favicon.png]
[kamarajiasacademy.com/images/apple-touch-icon.png]
[kamarajiasacademy.com/images/apple-touch-icon-72x72.png]
[kamarajiasacademy.com/images/apple-touch-icon-114x114.pn]
[backblue.gif]
[fade.gif]
[index.html]
[kamarajiasacademy.com/images/apple-touch-icon-144x144.png]
[connect.facebook.net/en_US/fbevents.js]
[kamarajiasacademy.com/www.youtube.com]
[kamarajiasacademy.com/admission.html]
[kamarajiasacademy.com/prelims-registration.html]
[kamarajiasacademy.com/img/kamaraj-ias-academy-in-chennai-logo-hd.png]
[kamarajiasacademy.com/img/bell-animated.gif]
[kamarajiasacademy.com/img/kamaraj-ias-academy-in-chennai-logo-white-text.png]
[kamarajiasacademy.com/about-us.html]
[kamarajiasacademy.com/best-ias-and-upsc-coaching-centre-in-chennai.html]
[kamarajiasacademy.com/tnpsc-coaching.html]
[kamarajiasacademy.com/course-fee.html]
[kamarajiasacademy.com/prelims-combined-mains.html]
[kamarajiasacademy.com/foundation-upsc.html]
[kamarajiasacademy.com/exclusive-prelims.html]
[kamarajiasacademy.com/csat.html]
[kamarajiasacademy.com/political-science-admissions.html]
[kamarajiasacademy.com/public-administration.html]
[kamarajiasacademy.com/geography.html]
[kamarajiasacademy.com/history.html]
[kamarajiasacademy.com/sociology.html]
[kamarajiasacademy.com/tamil-literature.html]
[kamarajiasacademy.com/anthropology.html]
[kamarajiasacademy.com/tnpsc-group1.html]
[kamarajiasacademy.com/tnpsc-group2.html]
[kamarajiasacademy.com/tnpsc-group4.html]
[kamarajiasacademy.com/faq.html]
[kamarajiasacademy.com/current-affairs.html]
[kamarajiasacademy.com/gallery.html]
[kamarajiasacademy.com/contact-us.html]
[kamarajiasacademy.com/img/icons/notification.png]
[kamarajiasacademy.com/img/photos/bg4.jpg]
[kamarajiasacademy.com/images/banners/2022-admissions.jpg]
[kamarajiasacademy.com/images/banners/the-only-academy-my-kamarajar.jpg]
[kamarajiasacademy.com/images/banners/our-successful-candidates.jpg]
[kamarajiasacademy.com/images/banners/our-achievements.jpg]
[kamarajiasacademy.com/images/banners/south-indias-no-one-academy-for-political-science.webp]
[kamarajiasacademy.com/images/banners/south-indias-no-one-academy-for-political-science.jpg]
[kamarajiasacademy.com/img/photos/bg3.jpg]
[www.kamarajiasacademy.com/images/Perunthalaivar-k-kamaraj.jpg]
[www.kamarajiasacademy.com/images/upsc.jpg]
[www.kamarajiasacademy.com/images/tnpsc.jpg]
[kamarajiasacademy.com/img/smallbanners/class-room.jpg]
[kamarajiasacademy.com/img/smallbanners/online-registration-banner.jpg]
[kamarajiasacademy.com/img/smallbanners/test-batch-1.jpg]
[kamarajiasacademy.com/img/smallbanners/important-links.jpg]
[kamarajiasacademy.com/interview-upsc.html]
[kamarajiasacademy.com/img/optionals/political-science.jpg]
[kamarajiasacademy.com/img/optionals/geography.jpg]
[kamarajiasacademy.com/img/optionals/tamil-literature.jpg]
[kamarajiasacademy.com/img/optionals/public-administration.jpg]
[kamarajiasacademy.com/img/optionals/agriculture.jpg]
[kamarajiasacademy.com/agriculture.html]
[kamarajiasacademy.com/img/optionals/sociology.jpg]
[kamarajiasacademy.com/img/optionals/anthropology-upsc-optional-subject.jpg]
[kamarajiasacademy.com/img/optionals/history.jpg]
[www.kamarajiasacademy.com/storage/2/kamaraj.jpg]
[www.kamarajiasacademy.com/storage/3/sandhiya.jpg]
[www.kamarajiasacademy.com/storage/26/Soundararajan-Sir.png]
[www.kamarajiasacademy.com/storage/27/divya.png]
[www.kamarajiasacademy.com/storage/30/Bravin-Kumar.jpg]
[www.kamarajiasacademy.com/storage/31/harini.png]
[www.kamarajiasacademy.com/storage/32/parthasarathy.jpg]
[www.kamarajiasacademy.com/storage/33/Ramji.png]
[www.kamarajiasacademy.com/storage/34/karthik.png]
[www.kamarajiasacademy.com/storage/39/divya.png]
[www.kamarajiasacademy.com/storage/56/Dr.Na.-Palaniappan.jpg]
[www.kamarajiasacademy.com/storage/57/prabhushankar-(AIR-7).jpg]
[www.kamarajiasacademy.com/storage/25/saravanan.jpg]
[www.kamarajiasacademy.com/storage/5/PRIYANKA.jpg]
[www.kamarajiasacademy.com/storage/22/deepa.png]
[www.kamarajiasacademy.com/storage/58/bharani.jpg]
[www.kamarajiasacademy.com/storage/63/rahul-l-nair.jpg]
[kamarajiasacademy.com/achievements.html]
[kamarajiasacademy.com/img/photos/bg-footer.jpg]
[kamarajiasacademy.com/img/testimonials/student1.jpg]
[kamarajiasacademy.com/img/testimonials/student2.jpg]
[kamarajiasacademy.com/img/testimonials/student3.jpg]
[kamarajiasacademy.com/img/testimonials/student4.jpg]
[kamarajiasacademy.com/blog/time-table-for-upsc-preparation.html]
[kamarajiasacademy.com/storage/blog/70ITAQs96guOHfjNMzTCs9ua0etOazcgIDU9wRLE.jpg]
[kamarajiasacademy.com/blog/category/upsc.html]
[kamarajiasacademy.com/blog/improve-writing-skills-for-the-upsc-mains-exam.html]
[kamarajiasacademy.com/storage/blog/sdavFqkr1oFYlEtiEUsE64X1pbtrFppARztw4itH.jpg]
[kamarajiasacademy.com/blog/best-ias-coaching-center-in-chennai.html]
[kamarajiasacademy.com/storage/blog/OZoxMuBGaLZEXVG9dUxM2Uj6MNE8yxiYzaKszp4G.jpg]
[kamarajiasacademy.com/blog.html]
[kamarajiasacademy.com/img/new-item-published.gif]
[kamarajiasacademy.com/class-room-courses.html]
[kamarajiasacademy.com/privacy-policy.html]
[cdn.jsdelivr.net/npm/bootstrap@5.1.3/dist/js/bootstrap.bundle.min.js]
[code.jquery.com/jquery-3.6.0.min.js]
[kamarajiasacademy.com/js/plugins.js]
[kamarajiasacademy.com/js/theme.js]
[kamarajiasacademy.com/index.html]
[kamarajiasacademy.com/images/apple-touch-icon-114x114.html]
[kamarajiasacademy.com/fonts/lg/lgd641.eot]
[kamarajiasacademy.com/fonts/lg/lgd41d.eot]
[kamarajiasacademy.com/fonts/lg/lgd641.woff]
[kamarajiasacademy.com/fonts/lg/lgd641.ttf]
[kamarajiasacademy.com/fonts/lg/lgd641.svg]
[kamarajiasacademy.com/images/vimeo-play.png]
[kamarajiasacademy.com/images/video-play.png]
[kamarajiasacademy.com/images/youtube-play.png]
[kamarajiasacademy.com/images/loading.gif]
[kamarajiasacademy.com/css/owl.video.play.png]
[kamarajiasacademy.com/css/plugins.css]
[kamarajiasacademy.com/fonts/Unicons07e9.woff2]
[kamarajiasacademy.com/fonts/Unicons2977.woff]
[kamarajiasacademy.com/fonts/Custom7559.woff2]
[kamarajiasacademy.com/fonts/Custom7d91.woff]
[kamarajiasacademy.com/css/style.css]
[kamarajiasacademy.com/c]
[kamarajiasacademy.com/b]
[kamarajiasacademy.com/POST]
[connect.facebook.net/en_US/fbevents.js]
[www.googletagmanager.com/gtm5445.html]
[kamarajiasacademy.com/www.youtube.html]
[kamarajiasacademy.com/captcha/flat70cc.png]
[code.jquery.com/ui/1.13.1/themes/base/jquery-ui.css]
[kamarajiasacademy.com/admission.html]
[code.jquery.com/ui/1.13.1/jquery-ui.js]
[kamarajiasacademy.com/brochure/Prelims_Test_Schedule.docx]
[kamarajiasacademy.com/brochure/CSAT_Test.docx]
[kamarajiasacademy.com/prelims-registration.html]
[kamarajiasacademy.com/img/banners/kamaraj-ias-academy-chennai.jpg]
[www.kamarajiasacademy.com/storage/20/chairman-kamaraj-ias-academy.jpg]
[www.kamarajiasacademy.com/storage/29/Kamaraj-sir.png]
[www.kamarajiasacademy.com/storage/35/anand.png]
[www.kamarajiasacademy.com/storage/36/seran.png]
[www.kamarajiasacademy.com/storage/37/karthik.png]
[www.kamarajiasacademy.com/storage/38/parthasarathy.jpg]
[www.kamarajiasacademy.com/storage/40/sethuram.png]
[www.kamarajiasacademy.com/storage/41/Yasmin.jpg]
[www.kamarajiasacademy.com/storage/42/selvam.jpg]
[www.kamarajiasacademy.com/storage/43/Abhilasha.jpg]
[www.kamarajiasacademy.com/storage/49/Prabhu-Psychologists.jpg]
[www.kamarajiasacademy.com/storage/44/Satapathy-IAS.jpg]
[www.kamarajiasacademy.com/storage/46/Nirmala-IAS.jpg]
[www.kamarajiasacademy.com/storage/45/John-Kingsly-IAS.jpg]
[www.kamarajiasacademy.com/storage/48/Dr.T.Prabhushankar-IAS-1.jpg]
[www.kamarajiasacademy.com/storage/60/Jayaseelan.jpg]
[www.kamarajiasacademy.com/storage/59/saravanan.jpg]
[www.kamarajiasacademy.com/storage/61/AJEETHA-BEGAM.jpg]
[www.kamarajiasacademy.com/storage/62/nandakumar-irs.jpg]
[kamarajiasacademy.com/about-us.html]
[kamarajiasacademy.com/img/photos/bg2.jpg]
[kamarajiasacademy.com/brochure/our-brochure-2022.pdf]
[www.kamarajiasacademy.com/storage/6/abishek.jpg]
[www.kamarajiasacademy.com/storage/23/dharun.png]
[www.kamarajiasacademy.com/storage/24/birathiviraj.png]
[kamarajiasacademy.com/img/courses/icons/prelims-mains-combined-course.png]
[kamarajiasacademy.com/img/courses/icons/preliminary-examination-course.png]
[kamarajiasacademy.com/img/courses/icons/main-examination.png]
[kamarajiasacademy.com/img/courses/icons/foundation-course-icon.png]
[kamarajiasacademy.com/best-ias-and-upsc-coaching-centre-in-chennai.html]
[kamarajiasacademy.com/tnpsc-coaching.html]
[kamarajiasacademy.com/course-fee.html]
[kamarajiasacademy.com/img/courses/prelims-combined-mains.jpg]
[kamarajiasacademy.com/syllabus/Prelims-Syllabus-2022.pdf]
[kamarajiasacademy.com/syllabus/Mains-Syllabus-2022.pdf]
[kamarajiasacademy.com/storage/question_papers/2022 GENERAL STUDIES PAPER II.pdf]
[kamarajiasacademy.com/storage/question_papers/2021 General Studies Paper II.pdf]
[kamarajiasacademy.com/storage/question_papers/2020 General Studies Paper II.pdf]
[kamarajiasacademy.com/storage/question_papers/2019 General studies Paper II.pdf]
[kamarajiasacademy.com/storage/question_papers/2018 General Studies Paper II .pdf]
[kamarajiasacademy.com/storage/question_papers/GENERAL STUDIES PAPER I 2022 .pdf]
[kamarajiasacademy.com/storage/question_papers/2021 General Studies Paper I.pdf]
[kamarajiasacademy.com/storage/question_papers/2020 General Studies Paper I.pdf]
[kamarajiasacademy.com/storage/question_papers/2019 General Studies Paper I.pdf]
[kamarajiasacademy.com/storage/question_papers/2018 Mains General studies Paper I.pdf]
[kamarajiasacademy.com/storage/question_papers/2018 General Studies Paper I .pdf]
[kamarajiasacademy.com/storage/question_papers/2021 Mains Essay.pdf]
[kamarajiasacademy.com/storage/question_papers/2020 Mains Essay.pdf]
[kamarajiasacademy.com/storage/question_papers/2019 Mains Essay.pdf]
[kamarajiasacademy.com/storage/question_papers/2018 Mains Essay.pdf]
[kamarajiasacademy.com/storage/question_papers/QP-CSM-21-GENSTUDIESPAPER-I-110122.pdf]
[kamarajiasacademy.com/storage/question_papers/2020 Mains General Studies Paper I.pdf]
[kamarajiasacademy.com/storage/question_papers/2019 Mains General Studies Paper I.pdf]
[kamarajiasacademy.com/storage/question_papers/QP-CSM-21-GENSTUDIESPAPER-II-110122.pdf]
[kamarajiasacademy.com/storage/question_papers/2020 Mains General studies Paper II.pdf]
[kamarajiasacademy.com/storage/question_papers/2019 Mains General studies Paper II.pdf]
[kamarajiasacademy.com/storage/question_papers/2018 Mains General Studies Paper II.pdf]
[kamarajiasacademy.com/storage/question_papers/QP-CSM-21-GENSTUDIESPAPER-III-110122.pdf]
[kamarajiasacademy.com/storage/question_papers/2020 Mains General Studies Paper III.pdf]
[kamarajiasacademy.com/storage/question_papers/2019 Mains General Studies Paper III.pdf]
[kamarajiasacademy.com/storage/question_papers/2018 Mains General Studies Paper III.pdf]
[kamarajiasacademy.com/storage/question_papers/QP-CSM-21-GENSTUDIESPAPER-IV-110122.pdf]
[kamarajiasacademy.com/storage/question_papers/2020 Mains General Studies Paper IV.pdf]
[kamarajiasacademy.com/storage/question_papers/2019 Mains General Studies Paper IV.pdf]
[kamarajiasacademy.com/storage/question_papers/2018 Mains General Studies Paper IV.pdf]
[kamarajiasacademy.com/prelims-combined-mains.html]
[kamarajiasacademy.com/img/courses/foundation-UPSC.jpg]
[kamarajiasacademy.com/foundation-upsc.html]
[kamarajiasacademy.com/exclusive-prelims.html]
[kamarajiasacademy.com/csat.html]
[kamarajiasacademy.com/img/optionals/world-map.jpg]
[kamarajiasacademy.com/img/team/kamaraj.jpg]
[kamarajiasacademy.com/storage/question_papers/2021 Political Science and International Relations Paper-I.pdf]
[kamarajiasacademy.com/storage/question_papers/2020 POL_SC_I.pdf]
[kamarajiasacademy.com/storage/question_papers/QP-CSM19-PolScIR-I.pdf]
[kamarajiasacademy.com/storage/question_papers/2018 POL-SCI-INTERNAL-PAPER-I.pdf]
[kamarajiasacademy.com/storage/question_papers/2021 Political Science and International Relations Paper-II.pdf]
[kamarajiasacademy.com/storage/question_papers/2020 POL_SC_II.pdf]
[kamarajiasacademy.com/storage/question_papers/QP-CSM19-PolScIR-II.pdf]
[kamarajiasacademy.com/storage/question_papers/2018 POL-SCI-INTERNAL-PAPER-II.pdf]
[kamarajiasacademy.com/political-science-admissions.html]
[kamarajiasacademy.com/img/courses/public-administration.jpg]
[kamarajiasacademy.com/storage/question_papers/2021 Public Administration Paper-I.pdf]
[kamarajiasacademy.com/storage/question_papers/2020 PUBLIC_ADMIN_I.pdf]
[kamarajiasacademy.com/storage/question_papers/QP-CSM19-PublAdmn-I.pdf]
[kamarajiasacademy.com/storage/question_papers/2018 PUBLIC-ADMIN-PAPER-I.pdf]
[kamarajiasacademy.com/storage/question_papers/2021 Public Administration Paper-II.pdf]
[kamarajiasacademy.com/storage/question_papers/2020 PUBLIC_ADMIN_II.pdf]
[kamarajiasacademy.com/storage/question_papers/QP-CSM19-PublAdmn-II.pdf]
[kamarajiasacademy.com/storage/question_papers/2018 PUBLIC-ADMIN-PAPER-II.pdf]
[kamarajiasacademy.com/public-administration.html]
[kamarajiasacademy.com/img/courses/geography.jpg]
[kamarajiasacademy.com/storage/question_papers/2021 Geography Paper-I.pdf]
[kamarajiasacademy.com/storage/question_papers/2020 Geography Optional Paper I.pdf]
[kamarajiasacademy.com/storage/question_papers/2019 Geography Optional Paper I.pdf]
[kamarajiasacademy.com/storage/question_papers/2018 Geography Optional Paper I.pdf]
[kamarajiasacademy.com/storage/question_papers/2021 Geography Paper-II.pdf]
[kamarajiasacademy.com/storage/question_papers/2020 Geography Optional Paper II.pdf]
[kamarajiasacademy.com/storage/question_papers/2019 Geography Optional Paper II.pdf]
[kamarajiasacademy.com/storage/question_papers/2018 Geography Optional Paper II.pdf]
[kamarajiasacademy.com/geography.html]
[kamarajiasacademy.com/img/team/harini-history-faculty.jpg]
[kamarajiasacademy.com/storage/question_papers/2021 History Paper-I.pdf]
[kamarajiasacademy.com/storage/question_papers/2020 HISTORY_I.pdf]
[kamarajiasacademy.com/storage/question_papers/QP-CSM19-History-I.pdf]
[kamarajiasacademy.com/storage/question_papers/2018 HISTORY-PAPER-I.pdf]
[kamarajiasacademy.com/storage/question_papers/2021 History Paper-II.pdf]
[kamarajiasacademy.com/storage/question_papers/2020 HISTORY_II.pdf]
[kamarajiasacademy.com/storage/question_papers/QP-CSM19-History-II.pdf]
[kamarajiasacademy.com/storage/question_papers/2018 HISTORY-PAPER-II.pdf]
[kamarajiasacademy.com/history.html]
[kamarajiasacademy.com/storage/question_papers/2021 Sociology Paper-I.pdf]
[kamarajiasacademy.com/storage/question_papers/2020 SOCIOLOGY_I_0.pdf]
[kamarajiasacademy.com/storage/question_papers/QP-CSM19-Sociology-I.pdf]
[kamarajiasacademy.com/storage/question_papers/2018 SOCIOLOGY-PAPER-I.pdf]
[kamarajiasacademy.com/storage/question_papers/2021 Sociology Paper-II.pdf]
[kamarajiasacademy.com/storage/question_papers/2020 SOCIOLOGY_II_0.pdf]
[kamarajiasacademy.com/storage/question_papers/QP-CSM19-Sociology-II.pdf]
[kamarajiasacademy.com/storage/question_papers/2018 SOCIOLOGY-PAPER-II.pdf]
[kamarajiasacademy.com/sociology.html]
[kamarajiasacademy.com/img/courses/tamil-literature.jpg]
[kamarajiasacademy.com/storage/question_papers/2021 Tamil Paper-I.pdf]
[kamarajiasacademy.com/storage/question_papers/2020 TAMIL_I_0.pdf]
[kamarajiasacademy.com/storage/question_papers/QP-CSM19-TamilLiterature-I.pdf]
[kamarajiasacademy.com/storage/question_papers/2018 TAMIL-PAPER-I-LITERATURE.pdf]
[kamarajiasacademy.com/storage/question_papers/2021 Tamil Paper-II.pdf]
[kamarajiasacademy.com/storage/question_papers/2020 TAMIL_II.pdf]
[kamarajiasacademy.com/storage/question_papers/QP-CSM19-TamilLiterature-II.pdf]
[kamarajiasacademy.com/tamil-literature.html]
[kamarajiasacademy.com/storage/question_papers/2018 TAMIL-PAPER-II-LITERATURE.pdf]
[kamarajiasacademy.com/storage/question_papers/2021 Anthropology Paper-I.pdf]
[kamarajiasacademy.com/storage/question_papers/2020 ANTHROPOLOGY_I.pdf]
[kamarajiasacademy.com/storage/question_papers/QP-CSM19-Anthropology-I.pdf]
[kamarajiasacademy.com/storage/question_papers/2018 ANTHROPOLOGY-PAPER-I.pdf]
[kamarajiasacademy.com/storage/question_papers/2021 Anthropology Paper-II.pdf]
[kamarajiasacademy.com/storage/question_papers/2020 ANTHROPLOGY_II.pdf]
[kamarajiasacademy.com/storage/question_papers/QP-CSM19-Anthropology-II.pdf]
[kamarajiasacademy.com/storage/question_papers/2018 ANTHROPOLOGY-PAPER-II.pdf]
[kamarajiasacademy.com/anthropology.html]
[kamarajiasacademy.com/tnpsc-group1/tamil.html]
[kamarajiasacademy.com/img/courses/tnpsc/tnpsc-group-1.jpg]
[kamarajiasacademy.com/tnpsc-group1.html]
[kamarajiasacademy.com/tnpsc-group2/tamil.html]
[kamarajiasacademy.com/img/courses/tnpsc/tnpsc-group-2.jpg]
[kamarajiasacademy.com/tnpsc-group2.html]
[kamarajiasacademy.com/tnpsc-group4/tamil.html]
[kamarajiasacademy.com/img/courses/tnpsc/tnpsc-group-4.jpg]
[kamarajiasacademy.com/tnpsc-group4.html]
[kamarajiasacademy.com/faq.html]
[kamarajiasacademy.com/current-affairs/zojila-day-operation-bison.html]
[kamarajiasacademy.com/current-affairs/pharmacopoeia-commission-for-indian-medicine-homoeopathy.html]
[kamarajiasacademy.com/current-affairs/national-technical-textiles-mission.html]
[kamarajiasacademy.com/current-affairs/world-gold-council.html]
[kamarajiasacademy.com/current-affairs/mangarh-dham.html]
[kamarajiasacademy.com/current-affairs/india-water-week.html]
[kamarajiasacademy.com/current-affairs/sardar-vallabhbhai-patel.html]
[kamarajiasacademy.com/current-affairs/india-chem-2022.html]
[kamarajiasacademy.com/current-affairs/electronic-negotiable-warehouse-receipt-e-nwr.html]
[kamarajiasacademy.com/current-affairs/international-open-access-week.html]
[kamarajiasacademy.com/current-affairs/football-4-schools-initiative.html]
[kamarajiasacademy.com/current-affairs/indira-gandhi.html]
[kamarajiasacademy.com/current-affairs/central-vigilance-commission.html]
[kamarajiasacademy.com/current-affairs/pasumpon-muthuramalinga-thevar.html]
[kamarajiasacademy.com/current-affairs/yakshagana.html]
[kamarajiasacademy.com/current-affairs/thrombosis.html]
[kamarajiasacademy.com/current-affairs/miyawaki-forest-and-maze-garden.html]
[kamarajiasacademy.com/current-affairs/exercise-imt-trilat.html]
[kamarajiasacademy.com/current-affairs/lead-free-x-ray-shielding-tiles.html]
[kamarajiasacademy.com/current-affairs/uniform-civil-code.html]
[kamarajiasacademy.com/current-affairs/exercise-garuda.html]
[kamarajiasacademy.com/current-affairs/national-museum-of-natural-history.html]
[kamarajiasacademy.com/current-affairs/saras-mela.html]
[kamarajiasacademy.com/current-affairs/draft-indian-telecommunication-act-2022.html]
[kamarajiasacademy.com/current-affairs/monetary-policy-committee.html]
[kamarajiasacademy.com/current-affairs/cryogenic-technology.html]
[kamarajiasacademy.com/current-affairs/african-swine-flu.html]
[kamarajiasacademy.com/current-affairs/chhath-puja.html]
[kamarajiasacademy.com/current-affairs/national-intelligence-grid-natgrid.html]
[kamarajiasacademy.com/current-affairs/macauleys-minute.html]
[kamarajiasacademy.com/current-affairs/sir-syed-ahmad-khan.html]
[kamarajiasacademy.com/current-affairs/blue-flag-certification.html]
[kamarajiasacademy.com/current-affairs/shree-vijay-vallabh-surishwar.html]
[kamarajiasacademy.com/current-affairs/exercise-simbex.html]
[kamarajiasacademy.com/current-affairs/incredible-india-campaign.html]
[kamarajiasacademy.com/current-affairs/sustainable-alternative-towards-affordable-transportation-initiative.html]
[kamarajiasacademy.com/current-affairs/competition-commission-of-india.html]
[kamarajiasacademy.com/current-affairs/accession-day.html]
[kamarajiasacademy.com/current-affairs/dakar-international-forum.html]
[kamarajiasacademy.com/current-affairs/unfcc-cop-27.html]
[kamarajiasacademy.com/current-affairs/financial-action-task-force.html]
[kamarajiasacademy.com/current-affairs/financial- action-task-force.html]
[kamarajiasacademy.com/current-affairs/dhanteras.html]
[kamarajiasacademy.com/current-affairs/migration-monitoring-system.html]
[kamarajiasacademy.com/current-affairs/national-training-workshop-on-peoples-plan-campaign-2022.html]
[kamarajiasacademy.com/current-affairs/taj-mahal.html]
[kamarajiasacademy.com/current-affairs/police-commemoration-day.html]
[kamarajiasacademy.com/current-affairs/facial-recognition-technology.html]
[kamarajiasacademy.com/current-affairs/pokkali-rice.html]
[kamarajiasacademy.com/current-affairs/ram-lila.html]
[kamarajiasacademy.com/current-affairs/swadesh-darshan.html]
[kamarajiasacademy.com/current-affairs/deoband-movement.html]
[kamarajiasacademy.com/current-affairs/li-fe-mission.html]
[kamarajiasacademy.com/current-affairs/world-spice-congress.html]
[kamarajiasacademy.com/current-affairs/multi-adventure-camp.html]
[kamarajiasacademy.com/current-affairs/ippb.html]
[kamarajiasacademy.com/current-affairs/ladysmith-trophy.html]
[kamarajiasacademy.com/current-affairs/minimum-support-prices.html]
[kamarajiasacademy.com/current-affairs/wiser-programme.html]
[kamarajiasacademy.com/current-affairs/bhima-koregaon-battle.html]
[kamarajiasacademy.com/current-affairs/fakir-lalon-shah.html]
[kamarajiasacademy.com/current-affairs/bihu-festival.html]
[kamarajiasacademy.com/current-affairs/lothal.html]
[kamarajiasacademy.com/current-affairs/office-of-controller-general-of-patents-designs-and-trade-marks.html]
[kamarajiasacademy.com/current-affairs/unlawful-activities-prevention-act-uapa.html]
[kamarajiasacademy.com/current-affairs/endosulfan.html]
[kamarajiasacademy.com/current-affairs/jagannath-temple.html]
[kamarajiasacademy.com/current-affairs/old-pension-scheme-national-pension-scheme.html]
[kamarajiasacademy.com/current-affairs/india-africa-defence-dialogue.html]
[kamarajiasacademy.com/current-affairs/interpol.html]
[kamarajiasacademy.com/current-affairs/pm-kisan-samman-sammelan.html]
[kamarajiasacademy.com/current-affairs/national-sc-st-hub-mega-conclave.html]
[kamarajiasacademy.com/current-affairs/national-biofuels-policy-2022.html]
[kamarajiasacademy.com/current-affairs/dr-apj-abdul-kalam.html]
[kamarajiasacademy.com/current-affairs/ladakh-festival.html]
[kamarajiasacademy.com/current-affairs/ins-arihant.html]
[kamarajiasacademy.com/current-affairs/indian-semiconductor-mission-ism.html]
[kamarajiasacademy.com/current-affairs/new-thrust-on-indias-foreign-policy.html]
[kamarajiasacademy.com/current-affairs/exercise-ibsamar.html]
[kamarajiasacademy.com/current-affairs/5-g-technology.html]
[kamarajiasacademy.com/current-affairs/dugong.html]
[kamarajiasacademy.com/current-affairs/odissi-and-kandyan-dance.html]
[kamarajiasacademy.com/current-affairs/power-ex-2022.html]
[kamarajiasacademy.com/current-affairs/uae-india-joint-task-force.html]
[kamarajiasacademy.com/current-affairs/commission-for-air-quality-management.html]
[kamarajiasacademy.com/current-affairs/flexi-fuel-strong-hybrid-electric-vehicles.html]
[kamarajiasacademy.com/current-affairs/the-upi-the-bhim-app-rupay-and-ncpi.html]
[kamarajiasacademy.com/current-affairs/swamitva-scheme.html]
[kamarajiasacademy.com/current-affairs/united-nations-world-geospatial-international-congress.html]
[kamarajiasacademy.com/current-affairs/international-day-of-girl-child-day.html]
[kamarajiasacademy.com/current-affairs/sustainable-mountain-development-summit.html]
[kamarajiasacademy.com/current-affairs/heli-india-summit.html]
[kamarajiasacademy.com/current-affairs/villu-paatu.html]
[kamarajiasacademy.com/current-affairs/betiyan-bane-kushal.html]
[kamarajiasacademy.com/current-affairs/surya-mandir-in-modhera.html]
[kamarajiasacademy.com/current-affairs/wetland-conservation.html]
[kamarajiasacademy.com/current-affairs/thadingyut-festival.html]
[kamarajiasacademy.com/current-affairs/project-mausam.html]
[kamarajiasacademy.com/current-affairs/north-eastern-council.html]
[kamarajiasacademy.com/current-affairs/utkalmani-pandit-gopabandhu-das.html]
[kamarajiasacademy.com/current-affairs/agni-tattva-campaign.html]
[kamarajiasacademy.com/current-affairs/valmiki-jayanti.html]
[kamarajiasacademy.com/current-affairs/narcotics-control-bureau.html]
[kamarajiasacademy.com/current-affairs/air-force-day.html]
[kamarajiasacademy.com/current-affairs/aist.html]
[kamarajiasacademy.com/current-affairs/mahakaleshwar-temple.html]
[kamarajiasacademy.com/current-affairs/mallakhamb-sport.html]
[kamarajiasacademy.com/current-affairs/basaveshwara.html]
[kamarajiasacademy.com/current-affairs/rapid-action-force.html]
[kamarajiasacademy.com/current-affairs/swachhta-saarthi-fellowship.html]
[kamarajiasacademy.com/current-affairs/pharmaceutical-export-promotion-council.html]
[kamarajiasacademy.com/current-affairs/national-highways-authority-of-india.html]
[kamarajiasacademy.com/current-affairs/exporter-of-sugar.html]
[kamarajiasacademy.com/current-affairs/opec-organization-of-the-petroleum-exporting-countries.html]
[kamarajiasacademy.com/current-affairs/vishaal-kisan-sammelan-workshop.html]
[kamarajiasacademy.com/current-affairs/dhammachakra-pravartan-day.html]
[kamarajiasacademy.com/current-affairs/delimitation-commission.html]
[kamarajiasacademy.com/current-affairs/international-year-of-millets-2023.html]
[kamarajiasacademy.com/current-affairs/draupadis-danda-2-mountain-peak.html]
[kamarajiasacademy.com/current-affairs/bandra-worli-sea-link.html]
[kamarajiasacademy.com/current-affairs/nobel-prize.html]
[kamarajiasacademy.com/current-affairs/black-hole.html]
[kamarajiasacademy.com/current-affairs/afspa-armed-forces-special-power-act.html]
[kamarajiasacademy.com/current-affairs/shyamji-krishna-varma.html]
[kamarajiasacademy.com/current-affairs/yoga-indias-gift-to-the-world.html]
[kamarajiasacademy.com/current-affairs/trai-telecom-regulatory-authority-of-india.html]
[kamarajiasacademy.com/current-affairs/matdata-junction.html]
[kamarajiasacademy.com/current-affairs/gram-sabha.html]
[kamarajiasacademy.com/current-affairs/simhachalam-temple.html]
[kamarajiasacademy.com/current-affairs/mangalyaan.html]
[kamarajiasacademy.com/current-affairs/hal-prachand.html]
[kamarajiasacademy.com/current-affairs/yuva-2-0.html]
[kamarajiasacademy.com/current-affairs/protection-of-children-from-sexual-offences-pocso-act.html]
[kamarajiasacademy.com/current-affairs/lal-bahadur-shastri.html]
[kamarajiasacademy.com/current-affairs/jim-corbett-national-park.html]
[kamarajiasacademy.com/current-affairs/jayaprakash-narayan.html]
[kamarajiasacademy.com/current-affairs/digital-initiatives-related-to-defence.html]
[kamarajiasacademy.com/current-affairs/ambaji-temple.html]
[kamarajiasacademy.com/current-affairs/basmati-rice.html]
[kamarajiasacademy.com/current-affairs/bharat-skills-forum.html]
[kamarajiasacademy.com/current-affairs/national-informatics-centre.html]
[kamarajiasacademy.com/current-affairs/saga-of-freedom-known-and-lesser-known-struggles.html]
[kamarajiasacademy.com/current-affairs/ladli-beti-scheme.html]
[kamarajiasacademy.com/current-affairs/global -innovation-index.html]
[kamarajiasacademy.com/current-affairs/paryatan-parv.html]
[kamarajiasacademy.com/current-affairs/raja-raja-chola-i.html]
[kamarajiasacademy.com/current-affairs/tipu-sultan.html]
[kamarajiasacademy.com/current-affairs/even-single-unmarried-women-have-the-right-to-safe-and-legal-abortions-rules-sc.html]
[kamarajiasacademy.com/current-affairs/global-innovation-index.html]
[kamarajiasacademy.com/current-affairs/unesco-launches-list-documenting-50-iconic-indian-heritage-textiles.html]
[kamarajiasacademy.com/current-affairs/national-sc-st-hub-nssh-scheme.html]
[kamarajiasacademy.com/current-affairs/pradhan-mantri-garib-kalyan-anna-yojana.html]
[kamarajiasacademy.com/current-affairs/world-green-economy-summit.html]
[kamarajiasacademy.com/current-affairs/india-netherlands-fast-track-mechanism.html]
[kamarajiasacademy.com/current-affairs/national-commission-for-women.html]
[kamarajiasacademy.com/current-affairs/asi-finds-buddhist-caves-temples-in-tiger-reserve.html]
[kamarajiasacademy.com/current-affairs/pmgkay-extended.html]
[kamarajiasacademy.com/current-affairs/very-short-range-air-defence-system-man-portable-air-defence-system.html]
[kamarajiasacademy.com/current-affairs/potash.html]
[kamarajiasacademy.com/current-affairs/dadasaheb-phalke-award.html]
[kamarajiasacademy.com/current-affairs/international-solar-alliance-international-civil-aviation-organisation.html]
[kamarajiasacademy.com/current-affairs/dart-mission.html]
[kamarajiasacademy.com/current-affairs/quarterly-employment-survey.html]
[kamarajiasacademy.com/current-affairs/india-tourism-statistics-2022.html]
[kamarajiasacademy.com/current-affairs/raja-ram-mohan-roy.html]
[kamarajiasacademy.com/current-affairs/dart -mission.html]
[kamarajiasacademy.com/current-affairs/ayushmann-utkrishta-award.html]
[kamarajiasacademy.com/current-affairs/national-expo-on-eco-alternatives.html]
[kamarajiasacademy.com/current-affairs/jaldoot-app.html]
[kamarajiasacademy.com/current-affairs/bhagat-singh.html]
[kamarajiasacademy.com/current-affairs/centres-push-for-na-vic-system.html]
[kamarajiasacademy.com/current-affairs/centre-aims-at-40-reduction-in-particulate-matter-by-2026.html]
[kamarajiasacademy.com/current-affairs/combined-maritime-forces.html]
[kamarajiasacademy.com/current-affairs/bathukamma-floral-festival.html]
[kamarajiasacademy.com/current-affairs/swachh-toycathon.html]
[kamarajiasacademy.com/current-affairs/mysuru-dasara.html]
[kamarajiasacademy.com/current-affairs/jupiter.html]
[kamarajiasacademy.com/current-affairs/defence-exports-grew-by-334-in-last-five-years.html]
[kamarajiasacademy.com/current-affairs/foreign-trade-policy-extended-by-six-months.html]
[kamarajiasacademy.com/current-affairs/sympho-ne.html]
[kamarajiasacademy.com/current-affairs/flex-fuel-cars.html]
[kamarajiasacademy.com/current-affairs/sc-initiative-on-capital-punishment.html]
[kamarajiasacademy.com/current-affairs/make-in-india.html]
[kamarajiasacademy.com/current-affairs/rohini-rh-200.html]
[kamarajiasacademy.com/current-affairs/jainism-and-its-heritage-sites.html]
[kamarajiasacademy.com/current-affairs/swachh-vayu-sarvekshan-ranking-of-cities.html]
[kamarajiasacademy.com/current-affairs/banking-liquidity-in-deficit-mode.html]
[kamarajiasacademy.com/current-affairs/mo-d-inks-1700-cr-pact-for-dual-role-brah-mos-missile.html]
[kamarajiasacademy.com/current-affairs/mehar-baba-competition.html]
[kamarajiasacademy.com/current-affairs/poshan-vatikas.html]
[kamarajiasacademy.com/current-affairs/national-service-scheme.html]
[kamarajiasacademy.com/current-affairs/polity-governance-and-economy.html]
[kamarajiasacademy.com/current-affairs/prompt-corrective-action-framework.html]
[kamarajiasacademy.com/current-affairs/jigyasa-programme.html]
[kamarajiasacademy.com/current-affairs/innovation-roadmap-of-mission-integrated-biorefineries.html]
[kamarajiasacademy.com/current-affairs/seed-minikit-programme.html]
[kamarajiasacademy.com/current-affairs/brah-mos-missile.html]
[kamarajiasacademy.com/current-affairs/parambikulam-dam.html]
[kamarajiasacademy.com/current-affairs/who-report-on-non-communicable-diseases.html]
[kamarajiasacademy.com/current-affairs/india-gets-its-first-dugong-conservation-reserve-in-tamil-nadu.html]
[kamarajiasacademy.com/current-affairs/cabinet-approves-expansion-of-pli-scheme-for-solar-pv-modules.html]
[kamarajiasacademy.com/current-affairs/india-hypertension-control-initiative-ihci.html]
[kamarajiasacademy.com/current-affairs/convergence-portal-between-aif-pmfme-scheme-pmksy.html]
[kamarajiasacademy.com/current-affairs/india-brazil-south-africa-dialogue-forum.html]
[kamarajiasacademy.com/current-affairs/stubble-burning.html]
[kamarajiasacademy.com/current-affairs/national-scholarship-portal-for-national-means-cum-merit-scholarship-scheme.html]
[kamarajiasacademy.com/current-affairs/rbi-removes-central-bank-of-india-from-prompt-corrective-action-framework.html]
[kamarajiasacademy.com/current-affairs/james-webb-space-telescope-jwst-and-mars.html]
[kamarajiasacademy.com/current-affairs/india-uae-and-france-hold-first-trilateral-ministerial-meeting-in-us.html]
[kamarajiasacademy.com/current-affairs/pm-cares-fund.html]
[kamarajiasacademy.com/current-affairs/langkhon-festival.html]
[kamarajiasacademy.com/current-affairs/bru-refugee-crisis.html]
[kamarajiasacademy.com/current-affairs/qutub-minar.html]
[kamarajiasacademy.com/current-affairs/aibd-asia-pacific-institute-of-broadcasting-development.html]
[kamarajiasacademy.com/current-affairs/international-treaty-on-plant-genetic-resources-for-food-and-agriculture-itpgrfa.html]
[kamarajiasacademy.com/current-affairs/india-egypt-defence-co-operation.html]
[kamarajiasacademy.com/current-affairs/supreme-court-quota-for-dalit-muslims-and-christians-story-so-far.html]
[kamarajiasacademy.com/current-affairs/udan-ude-desh-ka-aam-naagrik.html]
[kamarajiasacademy.com/current-affairs/celac-community-of-latin-american-and-caribbean-states.html]
[kamarajiasacademy.com/current-affairs/ministerial-meeting-of-the-india-saudi-arabia-strategic-partnership-council.html]
[kamarajiasacademy.com/current-affairs/ins-ajay.html]
[kamarajiasacademy.com/current-affairs/swachhata-startup-conclave.html]
[kamarajiasacademy.com/current-affairs/asian-development-bank-adb.html]
[kamarajiasacademy.com/current-affairs/global-clean-energy-action-forum.html]
[kamarajiasacademy.com/current-affairs/pm-kusum-scheme.html]
[kamarajiasacademy.com/current-affairs/ethanol-blending.html]
[kamarajiasacademy.com/current-affairs/monetary-authority-of-singapore-mas-and-the-international-financial-services-centres-authority-ifsca.html]
[kamarajiasacademy.com/current-affairs/monthly-economic-report-august-2022.html]
[kamarajiasacademy.com/current-affairs/national-logistics-policy.html]
[kamarajiasacademy.com/current-affairs/adishankara.html]
[kamarajiasacademy.com/current-affairs/central-board-of-direct-tax.html]
[kamarajiasacademy.com/current-affairs/east-asia-summit.html]
[kamarajiasacademy.com/current-affairs/khadi-and-village-industries-commission-prime-ministers-employment-generation-programme.html]
[kamarajiasacademy.com/current-affairs/mappila-uprising.html]
[kamarajiasacademy.com/current-affairs/india-singapore-trilateral-ministerial-meet.html]
[kamarajiasacademy.com/current-affairs/cheetah-reintroduction-program.html]
[kamarajiasacademy.com/current-affairs/sco-summit.html]
[kamarajiasacademy.com/current-affairs/hyderabad-liberation-day.html]
[kamarajiasacademy.com/current-affairs/vigyanpragati.html]
[kamarajiasacademy.com/current-affairs/adip-assistance-to-disabled-persons-scheme-rvy-rastriya-vayoshri-yojna.html]
[kamarajiasacademy.com/current-affairs/reintroduction-of-cheetahs.html]
[kamarajiasacademy.com/current-affairs/innovation-in-science-pursuit-for-inspired-research-inspire-scheme.html]
[kamarajiasacademy.com/current-affairs/shanghai-cooperation-organization.html]
[kamarajiasacademy.com/current-affairs/central-bank-enables-cross-border-bill-payments-via-bbps.html]
[kamarajiasacademy.com/current-affairs/some-policy-options-to-revive-agriculture.html]
[kamarajiasacademy.com/current-affairs/peace-pact-signed-with-8-tribal-militant-groups-of-assam.html]
[kamarajiasacademy.com/current-affairs/pradhan-mantri-awas-yojana-gramin.html]
[kamarajiasacademy.com/current-affairs/montreal-protocol.html]
[kamarajiasacademy.com/current-affairs/maharaja-hari-singh.html]
[kamarajiasacademy.com/current-affairs/e-baal-nidan.html]
[kamarajiasacademy.com/current-affairs/thal-sainik-camp.html]
[kamarajiasacademy.com/current-affairs/jimex.html]
[kamarajiasacademy.com/current-affairs/exercise-pitch-black.html]
[kamarajiasacademy.com/current-affairs/moonlighting.html]
[kamarajiasacademy.com/current-affairs/baburao-bagul.html]
[kamarajiasacademy.com/current-affairs/inclusion-of-st-community.html]
[kamarajiasacademy.com/current-affairs/india-france-relations.html]
[kamarajiasacademy.com/current-affairs/armenia-azerbaijan-conflict.html]
[kamarajiasacademy.com/current-affairs/national-list-of-essential-medicines-nlem.html]
[kamarajiasacademy.com/current-affairs/india-vietnam-relations.html]
[kamarajiasacademy.com/current-affairs/exercise-kakadu.html]
[kamarajiasacademy.com/current-affairs/gaganyaan.html]
[kamarajiasacademy.com/current-affairs/shoonya-initiative.html]
[kamarajiasacademy.com/current-affairs/exercise-parvat-prahar.html]
[kamarajiasacademy.com/current-affairs/world-in-wrong-direction-as-climate-impacts-worsen-un.html]
[kamarajiasacademy.com/current-affairs/international-solar-alliance.html]
[kamarajiasacademy.com/current-affairs/2015-paris-agreement.html]
[kamarajiasacademy.com/current-affairs/ayurveda-day-oct-23.html]
[kamarajiasacademy.com/current-affairs/meit-y-startup-hub.html]
[kamarajiasacademy.com/current-affairs/consumer-price-index.html]
[kamarajiasacademy.com/current-affairs/krishnaraja-sagar.html]
[kamarajiasacademy.com/current-affairs/water-heros.html]
[kamarajiasacademy.com/current-affairs/adi-shankara.html]
[kamarajiasacademy.com/current-affairs/naga-mircha.html]
[kamarajiasacademy.com/current-affairs/olive-oil.html]
[kamarajiasacademy.com/current-affairs/ban-on-broken-rice.html]
[kamarajiasacademy.com/current-affairs/india-saudi-arabia-relations.html]
[kamarajiasacademy.com/current-affairs/swami-vivekananda.html]
[kamarajiasacademy.com/current-affairs/acharya-vinoba-bhave.html]
[kamarajiasacademy.com/current-affairs/ethics-governance-case-study-how-ips-officer-used-soft-policing-to-crack-down-illegal-hooch-distilleries-in-solapur.225.del]
